// Jest Snapshot v1, https://goo.gl/fbAQLP

exports[`Should render button correctly 1`] = `
<button
  className="btn"
  id="all-clear"
  onClick={[Function]}
  type="button"
>
  AC
</button>
`;
