// Jest Snapshot v1, https://goo.gl/fbAQLP

exports[`Should render calculator correctly 1`] = `
<section
  id="calculator"
>
  <div
    id="output"
  >
    <input
      readOnly={true}
      type="text"
      value={0}
    />
    <input
      readOnly={true}
      type="text"
      value={0}
    />
  </div>
  <div
    id="inputs-container"
  >
    <button
      className="btn normal"
      id="allClear"
      onClick={[Function]}
      type="button"
    >
      AC
    </button>
    <button
      className="btn normal"
      id="addSubtract"
      onClick={[Function]}
      type="button"
    >
      +/-
    </button>
    <button
      className="btn normal"
      id="remainder"
      onClick={[Function]}
      type="button"
    >
      %
    </button>
    <button
      className="btn colored"
      id="divide"
      onClick={[Function]}
      type="button"
    >
      รท
    </button>
    <button
      className="btn normal"
      onClick={[Function]}
      type="button"
    >
      7
    </button>
    <button
      className="btn normal"
      onClick={[Function]}
      type="button"
    >
      8
    </button>
    <button
      className="btn normal"
      onClick={[Function]}
      type="button"
    >
      9
    </button>
    <button
      className="btn colored"
      id="multiply"
      onClick={[Function]}
      type="button"
    >
      x
    </button>
    <button
      className="btn normal"
      onClick={[Function]}
      type="button"
    >
      4
    </button>
    <button
      className="btn normal"
      onClick={[Function]}
      type="button"
    >
      5
    </button>
    <button
      className="btn normal"
      onClick={[Function]}
      type="button"
    >
      6
    </button>
    <button
      className="btn colored"
      id="subtract"
      onClick={[Function]}
      type="button"
    >
      -
    </button>
    <button
      className="btn normal"
      onClick={[Function]}
      type="button"
    >
      1
    </button>
    <button
      className="btn normal"
      onClick={[Function]}
      type="button"
    >
      2
    </button>
    <button
      className="btn normal"
      onClick={[Function]}
      type="button"
    >
      3
    </button>
    <button
      className="btn colored"
      id="add"
      onClick={[Function]}
      type="button"
    >
      +
    </button>
    <button
      className="btn normal dbl"
      onClick={[Function]}
      type="button"
    >
      0
    </button>
    <button
      className="btn normal"
      id="period"
      onClick={[Function]}
      type="button"
    >
      .
    </button>
    <button
      className="btn colored"
      id="equals"
      onClick={[Function]}
      type="button"
    >
      =
    </button>
  </div>
</section>
`;
