// Jest Snapshot v1, https://goo.gl/fbAQLP

exports[`Should render calculator correctly 1`] = `
<button
  onClick={[Function]}
  type="button"
/>
`;
