// Jest Snapshot v1, https://goo.gl/fbAQLP

exports[`Should render calculator correctly 1`] = `
<div
  className="quote-container"
>
  <p
    className="quote"
  />
  <p
    className="author"
  />
</div>
`;
